Already have: 0; target: 62
[1/62] clpokedarkrising
  OK 7058B  https://static.pokemoncoders.com/wp-content/uploads/2016/12/Pokemon-Dark-Rising-Cover-Art.jpg
[2/62] clpokeradicalred
  OK 17595B  https://static.pokemoncoders.com/wp-content/uploads/2020/12/RadicalRed.png
[3/62] clpokemegapower
  OK 18020B  https://static.pokemoncoders.com/wp-content/uploads/2016/10/pokemon-mega-power-rom-hack.jpg
[4/62] clpokemonemeraldkaizo
  OK 36301B  https://static.pokemoncoders.com/wp-content/uploads/2021/01/KaizoEmeraldMain.png
[5/62] clpokeflora
  OK 25044B  https://static.pokemoncoders.com/wp-content/uploads/2017/05/Pokemon_Flora_Sky.png
[6/62] clpokemegamoemon
  OK 30646B  https://static.pokemoncoders.com/wp-content/uploads/2021/04/MoemonMain.png
[7/62] clpokefrlgplus
  OK 78848B  https://static.pokemoncoders.com/wp-content/uploads/2024/01/fire-red-plus-cheats-1024x679.jpg
[8/62] clpokegschronicles
  OK 51049B  https://static.pokemoncoders.com/wp-content/uploads/2021/02/GSChroniclesMain.png
[9/62] clpokeemeraldrogue
  OK 37559B  https://static.pokemoncoders.com/wp-content/uploads/2022/11/EmeraldRogueMain.jpg
[10/62] clPokeEmeraldRogueEX
  OK 4469B  http://www.pokeharbor.com/wp-content/uploads/2022/08/PokeHarbor.png
[11/62] clpokeemeraldhorizons
  OK 59715B  https://static.pokemoncoders.com/wp-content/uploads/2024/01/emerald-horizons-main.jpg
[12/62] clpokeemeraldimperium
  OK 117003B  https://static.pokemoncoders.com/wp-content/uploads/2025/01/pokemon-emerald-imperium-cheats.jpg
[13/62] clpokeemeraldz
  OK 112093B  https://static.pokemoncoders.com/wp-content/uploads/2024/11/pokemon-emerald-z-cheats.jpg
[14/62] clpokeemeraldrandom
  OK 67874B  https://static.pokemoncoders.com/wp-content/uploads/2020/04/PokemonEmeraldRandomizer-1024x681.png
[15/62] clpokefuseddimension
  OK 36517B  https://static.pokemoncoders.com/wp-content/uploads/2021/11/FusedDimensionMain.png
[16/62] clPokeFusion3
  OK 85896B  https://static.pokemoncoders.com/wp-content/uploads/2024/07/pokemon-fusion-3-cheats-1024x680.jpg
[17/62] clpokeclassic
  OK 61965B  https://static.pokemoncoders.com/wp-content/uploads/2024/04/pokemon-classic-cheats-1024x685.png
[18/62] clpokedreamstone
  OK 54260B  https://static.pokemoncoders.com/wp-content/uploads/2025/07/Pokemon-Dreamstone-Mysteries-Cheats-1024x585.jpeg
[19/62] clpokeelysiuma
  OK 57872B  https://static.pokemoncoders.com/wp-content/uploads/2024/03/pokemon-elysium-cheats-1024x681.png
[20/62] clpokeelysiumb
  OK 57872B  https://static.pokemoncoders.com/wp-content/uploads/2024/03/pokemon-elysium-cheats-1024x681.png
[21/62] clpokeemeraldenhanced
  OK 25181B  https://static.pokemoncoders.com/wp-content/uploads/2020/12/EmeraldEnhance.png
[22/62] clpokefiregold
  OK 41930B  https://static.pokemoncoders.com/wp-content/uploads/2022/11/FireGoldMain.jpg
[23/62] clPokeAmbrosia
  OK 9962B  https://static.pokemoncoders.com/wp-content/uploads/2026/03/Pokemon-FireRed-and-LeafGreen-All-Version-Exclusive-Pokemon-and-Where-to-Catch-Them-300x172.jpeg
[24/62] clpokecrystaladvanceredux
  OK 63132B  https://static.pokemoncoders.com/wp-content/uploads/2024/06/crystal-advance-redux-cheats-1024x686.png
[25/62] clpokeallin
  OK 4469B  http://www.pokeharbor.com/wp-content/uploads/2022/08/PokeHarbor.png
[26/62] clpokebattlefact
  OK 4469B  http://www.pokeharbor.com/wp-content/uploads/2022/08/PokeHarbor.png
[27/62] clpokeblack2
  OK 233233B  https://static.pokemoncoders.com/wp-content/uploads/2020/02/Black_2_EN_boxart.png
[28/62] clpokeblue
  OK 126444B  https://static.pokemoncoders.com/wp-content/uploads/2018/01/Pokemon-Blue-cover.png
[29/62] clpokemonamnesia
  OK 4469B  http://www.pokeharbor.com/wp-content/uploads/2022/08/PokeHarbor.png
[30/62] clpokemoncrystal
  OK 63132B  https://static.pokemoncoders.com/wp-content/uploads/2024/06/crystal-advance-redux-cheats-1024x686.png
[31/62] clpokemonevolvedsfdgsdfs
  OK 38245B  https://static.pokemoncoders.com/wp-content/uploads/2025/05/pokemon-evolved-cheats.jpg
[32/62] clpokemonfireredandleafgreenplusedition
  OK 4469B  http://www.pokeharbor.com/wp-content/uploads/2022/08/PokeHarbor.png
[33/62] clpokemonfireredrandomized
  OK 4469B  http://www.pokeharbor.com/wp-content/uploads/2022/08/PokeHarbor.png
[34/62] clpokemongold
  OK 3976B  https://static.pokemoncoders.com/wp-content/uploads/2021/11/GSReforgedMain.png
[35/62] clpokemonkaizoironfirered
  OK 4469B  http://www.pokeharbor.com/wp-content/uploads/2022/08/PokeHarbor.png
[36/62] clpokemonmodernemerald
  OK 52722B  https://static.pokemoncoders.com/wp-content/uploads/2023/05/ModernEmeraldMain.png
[37/62] clpokemonperfectemerald5.5
  OK 4469B  http://www.pokeharbor.com/wp-content/uploads/2022/08/PokeHarbor.png
[38/62] clpokemonroaringred
  OK 4469B  http://www.pokeharbor.com/wp-content/uploads/2022/08/PokeHarbor.png
[39/62] clPokemonrocketedition
  OK 4469B  http://www.pokeharbor.com/wp-content/uploads/2022/08/PokeHarbor.png
[40/62] clpokemonsaiph
  OK 4119B  https://static.pokemoncoders.com/wp-content/uploads/2020/11/PokemonSaiph.png
[41/62] clpokemonsaiph2
  OK 7247B  https://static.pokemoncoders.com/wp-content/uploads/2021/10/Saiph2Main.png
[42/62] clpokemonshinsigma
  OK 4469B  http://www.pokeharbor.com/wp-content/uploads/2022/08/PokeHarbor.png
[43/62] clpokemonslgreen
  OK 4469B  http://www.pokeharbor.com/wp-content/uploads/2022/08/PokeHarbor.png
[44/62] clpokemonsmred
  OK 4469B  http://www.pokeharbor.com/wp-content/uploads/2022/08/PokeHarbor.png
[45/62] clpokemonsors
  OK 27462B  https://static.pokemoncoders.com/wp-content/uploads/2021/08/PokemonSorsMain.png
[46/62] clpokemonsors2
  OK 88454B  https://static.pokemoncoders.com/wp-content/uploads/2024/07/sors-2-cheats-1024x676.png
[47/62] clpokemonultimatefusion
  OK 82868B  https://static.pokemoncoders.com/wp-content/uploads/2023/09/Pokemon-Ultimate-Fusion-Cheats-1024x512.jpeg
[48/62] clpokemoonemerald
  OK 29768B  https://static.pokemoncoders.com/wp-content/uploads/2020/12/moonemerald.png
[49/62] clpokeperfectfirered
  OK 4469B  http://www.pokeharbor.com/wp-content/uploads/2022/08/PokeHarbor.png
[50/62] clpokepolishedcrystal
  OK 25474B  https://static.pokemoncoders.com/wp-content/uploads/2025/07/pokemon-polished-crystal-cheats.jpg
[51/62] clpokepureblue
  OK 4469B  http://www.pokeharbor.com/wp-content/uploads/2022/08/PokeHarbor.png
[52/62] clpokepuregreen
  OK 4469B  http://www.pokeharbor.com/wp-content/uploads/2022/08/PokeHarbor.png
[53/62] clpokepurered
  OK 4469B  http://www.pokeharbor.com/wp-content/uploads/2022/08/PokeHarbor.png
[54/62] clpokerechargedpink
  OK 4469B  http://www.pokeharbor.com/wp-content/uploads/2022/08/PokeHarbor.png
[55/62] clpokerechargedyellow
  OK 64975B  https://static.pokemoncoders.com/wp-content/uploads/2024/09/Pokemon-Recharged-Yellow-Cheats-1024x683.jpg
[56/62] clpokerecordkeepers
  OK 33705B  https://www.pokeharbor.com/wp-content/uploads/2022/11/pokemon-magnetic-cover-280x210.png
[57/62] clpokered
  OK 56227B  https://static.pokemoncoders.com/wp-content/uploads/2024/11/pokemon-red-blue-celebrations-cheats-1024x709.png
[58/62] clpokethepit
  OK 4469B  http://www.pokeharbor.com/wp-content/uploads/2022/08/PokeHarbor.png
[59/62] clpoketoomanytypes2
  OK 64855B  https://static.pokemoncoders.com/wp-content/uploads/2026/01/Pokemon-Too-Many-Types-2-Cheats-1024x585.jpeg
[60/62] clpokeunovaemerald
  OK 107946B  https://static.pokemoncoders.com/wp-content/uploads/2024/10/unova-emerald-cheats.jpg
[61/62] clpokewhite2
  OK 112474B  https://static.pokemoncoders.com/wp-content/uploads/2020/02/671px-White_2_EN_boxart.png
[62/62] clpokeyellow
  OK 47885B  https://static.pokemoncoders.com/wp-content/uploads/2017/05/Pokemon_Yellow.png

Wrote 62 records to D:\game_website\scripts\pokemon_covers.json
